[1;38;2;79;142;247mkb[m[38;2;77;84;92m / [m[1;38;2;230;237;243mkb roadmap[m[38;2;77;84;92m / [m[38;2;139;148;158maksOps[m                                                                                                                                                                [38;2;63;185;80m×2 shipped today[m
[38;2;139;148;158mfilter[m  [38;2;139;148;158;48;2;33;38;45m type:[m[1;38;2;255;176;32;48;2;33;38;45mfeature [m [38;2;63;157;88;48;2;33;38;45m github#12 [m  [38;2;77;84;92m✕ clear[m                                                                                                                                     [38;2;77;84;92m4 CANCELLED 2 hidden · c[m
                                                                                                                                                                                                        
[38;2;77;84;92m1 [m[1;38;2;184;192;204mTO DO[m [38;2;77;84;92m4[m                                                           [38;2;77;84;92m2 [m[1;38;2;79;142;247mDOING[m [38;2;139;148;158m3[m                                                          [38;2;77;84;92m3 [m[1;38;2;184;192;204mDONE[m [38;2;77;84;92m3[m                                                         
[38;2;48;54;61m──────────────────────────────────────────────────────────────────[m  [38;2;79;142;247m━━━━━━━━━━━━━━━━━━━━━━━━━━━━━━━━━━━━━━━━━━━━━━━━━━━━━━━━━━━━━━━━━[m  [38;2;48;54;61m─────────────────────────────────────────────────────────────────[m
[38;2;47;93;168m▌[m 🐛 [1;38;2;230;237;243mDrag[m [1;38;2;230;237;243mghost[m [1;38;2;230;237;243mon[m [1;38;2;230;237;243mresize[m [38;2;77;84;92m#142[m [38;2;139;148;158m2d old[m                               [38;2;79;142;247m╭───────────────────────────────────────────────────────────────╮[m  [38;2;48;54;61m▏[m ✅ [38;2;139;148;158mFilter[m [38;2;139;148;158mpersists[m [38;2;139;148;158min[m [38;2;139;148;158mURL[m [38;2;77;84;92m#133[m [38;2;63;185;80mshipped[m                         
[38;2;47;93;168m▌[m [1;38;2;255;90;72mP1[m [48;2;33;38;45m [m[38;2;210;153;34;48;2;33;38;45m⛔ blocked[m[48;2;33;38;45m [m [48;2;33;38;45m [m[1;38;2;248;81;73;48;2;33;38;45moverdue 1d[m[48;2;33;38;45m [m [38;2;77;84;92m◇M[m [38;2;139;148;158;48;2;33;38;45m type:[m[1;38;2;255;176;32;48;2;33;38;45mbug [m [38;2;139;148;158;48;2;33;38;45m area:[m[1;38;2;185;138;247;48;2;33;38;45mtui [m             [38;2;79;142;247m│[m 🚀 [1;38;2;230;237;243mBoard[m [1;38;2;230;237;243mlanguage[m [1;38;2;230;237;243mvariants[m [38;2;77;84;92m#137[m [38;2;139;148;158m6h here[m                       [38;2;79;142;247m│[m  [38;2;48;54;61m▏[m [1;38;2;255;176;32mP2[m [38;2;77;84;92m◇S[m [38;2;139;148;158;48;2;33;38;45m type:[m[1;38;2;255;176;32;48;2;33;38;45mfeature [m [38;2;185;138;247;48;2;33;38;45m github#77 [m                               
                                                                    [38;2;79;142;247m│[m [1;38;2;255;90;72mP1[m [48;2;33;38;45m [m[38;2;184;192;204;48;2;33;38;45mtoday[m[48;2;33;38;45m [m [38;2;77;84;92m◇M[m [38;2;139;148;158;48;2;33;38;45m type:[m[1;38;2;79;142;247;48;2;33;38;45mspike [m [38;2;185;138;247;48;2;33;38;45m github#137 [m                       [38;2;79;142;247m│[m                                                                   
[38;2;48;54;61m▏[m ✨ [1;38;2;230;237;243mDesign[m [1;38;2;230;237;243mtokens[m [38;2;77;84;92m#139[m [38;2;139;148;158mnew[m                                         [38;2;79;142;247m╰───────────────────────────────────────────────────────────────╯[m  [38;2;47;93;168m▌[m ✅ [38;2;139;148;158mWeb[m [38;2;139;148;158mUI[m [38;2;139;148;158mhardening[m [38;2;77;84;92m#131[m [38;2;63;185;80mshipped[m                               
[38;2;48;54;61m▏[m [1;38;2;255;176;32mP2[m [38;2;77;84;92m◇L[m [38;2;139;148;158;48;2;33;38;45m type:[m[1;38;2;255;176;32;48;2;33;38;45mfeature [m [38;2;63;157;88;48;2;33;38;45m github#12 [m                                                                                                     [38;2;47;93;168m▌[m [1;38;2;255;90;72mP1[m [38;2;139;148;158;48;2;33;38;45m type:[m[1;38;2;185;138;247;48;2;33;38;45mfix [m                                                  
                                                                    [38;2;48;54;61m▏[m 🔧 [1;38;2;230;237;243mOverlay[m [1;38;2;230;237;243mseparation[m [38;2;77;84;92m#140[m [38;2;139;148;158m2d here[m                                                                                                
[38;2;48;54;61m▏[m 📐 [1;38;2;230;237;243mAdaptive[m [1;38;2;230;237;243mcompaction[m [38;2;77;84;92m#144[m [38;2;139;148;158m5d old[m                                [38;2;48;54;61m▏[m [1;38;2;255;176;32mP2[m [38;2;77;84;92m◇M[m [38;2;139;148;158;48;2;33;38;45m type:[m[1;38;2;255;176;32;48;2;33;38;45mfeature [m                                             [38;2;48;54;61m▏[m ✅ [38;2;139;148;158mBump[m [38;2;139;148;158mrig[m [38;2;139;148;158mv0.2.0[m [38;2;77;84;92m#129[m [38;2;63;185;80mshipped[m                                
[38;2;48;54;61m▏[m [1;38;2;79;142;247mP3[m [48;2;33;38;45m [m[38;2;184;192;204;48;2;33;38;45min 3d[m[48;2;33;38;45m [m [38;2;77;84;92m◇S[m [38;2;139;148;158;48;2;33;38;45m type:[m[1;38;2;255;123;84;48;2;33;38;45mdesign [m                                                                                                          [38;2;48;54;61m▏[m [1;38;2;139;148;158mP4[m [38;2;139;148;158;48;2;33;38;45m type:[m[1;38;2;255;123;84;48;2;33;38;45mchore [m                                                
                                                                    [38;2;48;54;61m▏[m 📝 [1;38;2;230;237;243mLipgloss[m [1;38;2;230;237;243mresearch[m [38;2;77;84;92m#138[m [38;2;139;148;158m1d here[m                                                                                                 
[38;2;48;54;61m▏[m 🧪 [1;38;2;230;237;243mGolden[m [1;38;2;230;237;243mregen[m [38;2;77;84;92m#147[m [38;2;139;148;158m9d old[m                                       [38;2;48;54;61m▏[m [1;38;2;79;142;247mP3[m [48;2;33;38;45m [m[38;2;210;153;34;48;2;33;38;45m⛔ blocked[m[48;2;33;38;45m [m [38;2;139;148;158;48;2;33;38;45m type:[m[1;38;2;79;142;247;48;2;33;38;45mresearch [m                                                                                                   
[38;2;48;54;61m▏[m [1;38;2;139;148;158mP4[m [38;2;139;148;158;48;2;33;38;45m type:[m[1;38;2;255;123;84;48;2;33;38;45mchore [m [38;2;139;148;158;48;2;33;38;45m area:[m[1;38;2;185;138;247;48;2;33;38;45mtests [m                                                                                                                                                                          
                                                                                                                                                                                                        
                                                                                                                                                                                                        
                                                                                                                                                                                                        
                                                                                                                                                                                                        
                                                                                                                                                                                                        
                                                                                                                                                                                                        
                                                                                                                                                                                                        
                                                                                                                                                                                                        
                                                                                                                                                                                                        
                                                                                                                                                                                                        
                                                                                                                                                                                                        
                                                                                                                                                                                                        
                                                                                                                                                                                                        
                                                                                                                                                                                                        
                                                                                                                                                                                                        
                                                                                                                                                                                                        
                                                                                                                                                                                                        
                                                                                                                                                                                                        
                                                                                                                                                                                                        
                                                                                                                                                                                                        
                                                                                                                                                                                                        
                                                                                                                                                                                                        
                                                                                                                                                                                                        
                                                                                                                                                                                                        
                                                                                                                                                                                                        
                                                                                                                                                                                                        
                                                                                                                                                                                                        
                                                                                                                                                                                                        
                                                                                                                                                                                                        
                                                                                                                                                                                                        
                                                                                                                                                                                                        
                                                                                                                                                                                                        
                                                                                                                                                                                                        
[38;2;184;192;204mready[m[38;2;48;54;61m  ·  [m[1;38;2;184;192;204mj/k[m [38;2;77;84;92mcards[m[38;2;48;54;61m  ·  [m[1;38;2;184;192;204mh/l[m [38;2;77;84;92mcolumns[m[38;2;48;54;61m  ·  [m[1;38;2;184;192;204m1-4[m [38;2;77;84;92mjump[m[38;2;48;54;61m  ·  [m[1;38;2;184;192;204mc[m [38;2;77;84;92mcancelled:off[m[38;2;48;54;61m  ·  [m[1;38;2;184;192;204menter[m [38;2;77;84;92mopen[m[38;2;48;54;61m  ·  [m[1;38;2;184;192;204m?[m [38;2;77;84;92mhelp[m[38;2;48;54;61m  ·  [m[1;38;2;184;192;204mq[m [38;2;77;84;92mquit[m                                                                                               
