🧭 Map it                                           #7
DETAIL
status      doing  blocked
priority    1
due         2026-08-19
effort      M
labels      [type::feature]
links       [github#86]

Plan

• first
https://example.com
CHECKLIST                                          1/2
☑ done
☐ left
completion gate  blocked: 1 of 2 checklist items are
[Check] [Kill] [Comment] [Link] [Close]            1/2
