╭─────────────────────────────────────────────────────╮
│ 🧭 Map it  #7                                       │
│                                                     │
│ status doing  priority 1  blocked                   │
│ due 2026-08-19  effort M                            │
│                                                     │
│ labels  [type::feature]                             │
│                                                     │
│ links   [github#86]                                 │
│                                                     │
│ Plan                                                │
│                                                     │
│ • first                                             │
│ https://example.com                                 │
│                                                     │
│ [Comment] [Delete comment] [Link] [Remove link]     │
│ […                                                  │
╰─────────────────────────────────────────────────────╯
