╭──────────────────────────────────────────────────╮
│ ADD COMMENT / #7                                 │
│                                                  │
│ Comment:                                         │
│   First line                                     │
│   Second line|                                   │
│                                                  │
│                                                  │
│                                                  │
│                                                  │
│                                                  │
│                                                  │
│                                                  │
│                                                  │
│                                                  │
│ ctrl+s add comment | esc back                    │
╰──────────────────────────────────────────────────╯
