🧭 Map it                                           #7
DETAIL
status      doing  blocked
priority    1
due         2026-08-19
effort      M
labels      [type::feature]
links       [github#86]

Plan

• first
https://example.com
CHECKLIST                                          1/2
☑ done
☐ left
Check (t)   Kill (x)   Comment   Link (b)   Close
up/down scroll | esc close                         1/3
