                                                                        
                                                                        
                                                                        
                                                                        
                                                                        
                                                                        
                              █    █                                    
                              █    █                                    
                              █ ▄▀ █▀▀▀▀▄                               
                              ██   █    █                               
                              █ ▀▄ █▄▄▄▄▀                               
                                                                        
            loading board...                          v1.2.0            
                                                                        
                                                                        
                                                                        
                                                                        
                                                                        
                                                                        
                                                                        