[?2026$p[?2027$p[>4m[=0;1u[?1049h[?25l[?2004h[?1002h[?1006h[>4;2m[=1;1u[?u[H[2Jkb / Board / default
┌───────────────────────────────────┐ ┌───────────────────────────────────┐ ┌───────────────────────────────────┐
│[TO DO]                            │ │DOING                              │ │DONE                               │
│                                   │ │                                   │ │                                   │
│(empty)                            │ │(empty)                            │ │(empty)                            │
│                                   │ │                                   │ │                                   │
│                                   │ │                                   │ │                                   │
│                                   │ │                                   │ │                                   │
│                                   │ │                                   │ │                                   │
│                                   │ │                                   │ │                                   │
│                                   │ │                                   │ │                                   │
│                                   │ │                                   │ │                                   │
│                                   │ │                                   │ │                                   │
│                                   │ │                                   │ │                                   │
└───────────────────────────────────┘ └───────────────────────────────────┘ └───────────────────────────────────┘
ready | q quit | tab/shift+tab focus