[1mkb[m / Roadmap / alice········································
/ Filter cards··············································
[+ backend] | [+ type::feature]·····························
····························································
[1m▸ 1 TO DO                                                 2·
  2 cards · 1 blocked·······································
 █ [1m🚀[m [1m Ship terminal board[m                               #7··
 █ Pointer capture leaks when the column scrolls under the··
 █ drag ghost and the row grid stays fixed··················
 █ [1mP1[m new ▐blocked▌ ▐today▌ ◇M······························
 █ ▐#backend▌ ▐type:feature▌································
····························································
 ▌ Second                                               #8··
 ▌··························································
 ▌··························································
 ▌ [1mP4[m 2d old················································
 ▌··························································
····························································
····························································
····························································
····························································
····························································
····························································
····························································
····························································
····························································
····························································
····························································
····························································
····························································
····························································
····························································
····························································
····························································
····························································
····························································
····························································
····························································
····························································
····························································
····························································
····························································
····························································
····························································
····························································
····························································
····························································
····························································
····························································
ready | j/k cards | h/l/tab columns | 1-4 jump | ? help | q·