kb / Board / default····································································································
/ Filter cards··········································································································
························································································································
┌[1 TO DO  0]──────────────────────────┐ ┌2 DOING  0───────────────────────────┐ ┌3 DONE  0────────────────────────────┐
│(empty)                               │ │(empty)                              │ │(empty)                              │
│                                      │ │                                     │ │                                     │
│                                      │ │                                     │ │                                     │
│                                      │ │                                     │ │                                     │
│                                      │ │                                     │ │                                     │
│                                      │ │                                     │ │                                     │
│                                      │ │                                     │ │                                     │
│                                      │ │                                     │ │                                     │
│                                      │ │                                     │ │                                     │
│                                      │ │                                     │ │                                     │
│                                      │ │                                     │ │                                     │
│                                      │ │                                     │ │                                     │
│                                      │ │                                     │ │                                     │
│                                      │ │                                     │ │                                     │
└──────────────────────────────────────┘ └─────────────────────────────────────┘ └─────────────────────────────────────┘
ready | j/k cards | h/l/tab columns | 1-4 jump | c cancelled:off | ? help | q quit······································