[?2026$p[?2027$p[>4m[=0;1u[?1049h[?25l[?2004h[?1002h[?1006h[>4;2m[=1;1u[?u[H[2Jkb / Board / default
/ Filter cards

┌[1 TO DO  0]──────────────────────────┐ ┌2 DOING  0───────────────────────────┐ ┌3 DONE  0────────────────────────────┐
│(empty)                               │ │(empty)                              │ │(empty)                              │
│                                      │ │                                     │ │                                     │
│                                      │ │                                     │ │                                     │
│                                      │ │                                     │ │                                     │
│                                      │ │                                     │ │                                     │
│                                      │ │                                     │ │                                     │
│                                      │ │                                     │ │                                     │
│                                      │ │                                     │ │                                     │
│                                      │ │                                     │ │                                     │
│                                      │ │                                     │ │                                     │
│                                      │ │                                     │ │                                     │
│                                      │ │                                     │ │                                     │
│                                      │ │                                     │ │                                     │
│                                      │ │                                     │ │                                     │
└──────────────────────────────────────┘ └─────────────────────────────────────┘ └─────────────────────────────────────┘
ready | j/k cards | h/l/tab columns | 1-4 jump | c cancelled:off | q quit