▌[1mkb[m / Roadmap / alice·······································
/ Filter cards | [project: all]·····························
 + #backend  |  + type:feature······························
····························································
[1m▸● 1 TO DO                                                2·
  2 cards · 1 blocked·······································
 █ 🚀  [1mShip terminal board[m                            ⛔  #7··
 █ Pointer capture leaks when the column scrolls under the··
 █ drag ghost and the row grid stays fixed··················
 █··························································
 █··························································
 █  1  new today  M·········································
 █  #backend   type:feature·································
 █··························································
····························································
 ▌ Second                                               #8··
 ▌··························································
 ▌··························································
 ▌··························································
 ▌··························································
 ▌  3  2d···················································
 ▌··························································
 ▌··························································
····························································
····························································
····························································
····························································
····························································
····························································
····························································
····························································
····························································
····························································
····························································
····························································
····························································
····························································
····························································
····························································
····························································
····························································
····························································
····························································
····························································
····························································
····························································
····························································
····························································
····························································
ready | j/k cards | h/l/tab columns | 1-4 jump | ? help | q·