

    SHIP CARD                                         #1  
    Move Wire the ship guard to Done?                      
                                                           
    1 of 2 checklist items are still open.                 
    This card is flagged blocked.                          
                                                           
    ▸ Cancel                                               
      Tick everything                                      
      Ship anyway                                          
    Tab choose  Enter confirm  Esc cancel                  
                                                           
